../Core/Src/oled.c:9:13:oled_WriteCommand	32	static
../Core/Src/oled.c:15:9:oled_Init	8	static
../Core/Src/oled.c:59:6:oled_Fill	24	static
../Core/Src/oled.c:68:6:oled_UpdateScreen	32	static
../Core/Src/oled.c:80:6:oled_DrawPixel	16	static
../Core/Src/oled.c:96:6:oled_DrawHLine	32	static
../Core/Src/oled.c:101:6:oled_DrawVLine	32	static
../Core/Src/oled.c:106:6:oled_DrawSquare	24	static
../Core/Src/oled.c:112:6:oled_WriteChar	48	static
../Core/Src/oled.c:137:6:oled_WriteString	24	static
../Core/Src/oled.c:147:6:oled_SetCursor	16	static
